stm32f401_discovery_audio_codec.c:274:6:EVAL_AUDIO_SetAudioInterface	4	static
stm32f401_discovery_audio_codec.c:297:10:EVAL_AUDIO_Init	16	static
stm32f401_discovery_audio_codec.c:321:10:EVAL_AUDIO_DeInit	8	static
stm32f401_discovery_audio_codec.c:338:10:EVAL_AUDIO_Play	16	static
stm32f401_discovery_audio_codec.c:371:10:EVAL_AUDIO_PauseResume	16	static
stm32f401_discovery_audio_codec.c:397:10:EVAL_AUDIO_Stop	16	static
stm32f401_discovery_audio_codec.c:423:10:EVAL_AUDIO_VolumeCtl	16	static
stm32f401_discovery_audio_codec.c:435:10:EVAL_AUDIO_Mute	16	static
stm32f401_discovery_audio_codec.c:446:13:Audio_MAL_IRQHandler	8	static
stm32f401_discovery_audio_codec.c:546:6:DMA1_Stream7_IRQHandler	8	static
stm32f401_discovery_audio_codec.c:556:6:SPI3_IRQHandler	8	static
stm32f401_discovery_audio_codec.c:578:17:Codec_Init	24	static
stm32f401_discovery_audio_codec.c:641:17:Codec_DeInit	16	static
stm32f401_discovery_audio_codec.c:670:17:Codec_Play	4	static
stm32f401_discovery_audio_codec.c:686:17:Codec_PauseResume	24	static
stm32f401_discovery_audio_codec.c:725:17:Codec_Stop	24	static
stm32f401_discovery_audio_codec.c:758:17:Codec_VolumeCtrl	24	static
stm32f401_discovery_audio_codec.c:784:17:Codec_Mute	24	static
stm32f401_discovery_audio_codec.c:808:13:Codec_Reset	8	static
stm32f401_discovery_audio_codec.c:827:17:Codec_WriteRegister	24	static
stm32f401_discovery_audio_codec.c:897:17:Codec_ReadRegister	24	static
stm32f401_discovery_audio_codec.c:999:13:Codec_CtrlInterface_Init	24	static
stm32f401_discovery_audio_codec.c:1026:13:Codec_CtrlInterface_DeInit	4	static
stm32f401_discovery_audio_codec.c:1041:13:Codec_AudioInterface_Init	32	static
stm32f401_discovery_audio_codec.c:1075:13:Codec_AudioInterface_DeInit	8	static
stm32f401_discovery_audio_codec.c:1093:13:Codec_GPIO_Init	16	static
stm32f401_discovery_audio_codec.c:1156:13:Codec_GPIO_DeInit	16	static
stm32f401_discovery_audio_codec.c:1190:13:Delay	16	static
stm32f401_discovery_audio_codec.c:1221:13:Audio_MAL_Init	16	static
stm32f401_discovery_audio_codec.c:1301:13:Audio_MAL_DeInit	16	static
stm32f401_discovery_audio_codec.c:1328:6:Audio_MAL_Play	16	static
stm32f401_discovery_audio_codec.c:1354:13:Audio_MAL_PauseResume	16	static
stm32f401_discovery_audio_codec.c:1394:13:Audio_MAL_Stop	8	static
