00:35:28 **** Incremental Build of configuration Debug for project Sawtooth ****
Info: Internal Builder is used for build
arm-atollic-eabi-gcc -c ..\src\main.c -mthumb -mcpu=cortex-m4 -mfloat-abi=hard -mfpu=fpv4-sp-d16 -std=gnu11 -DSTM32F4XX -DSTM32F40XX -DUSE_STDPERIPH_DRIVER -DUSE_STM32F4_DISCOVERY -DHSE_VALUE=8000000 -I../src -I../Libraries/CMSIS/Include -I../Libraries/Device/STM32F4xx/Include -I../Libraries/STM32F4xx_StdPeriph_Driver/inc -I../Utilities/STM32F4-Discovery -O0 -ffunction-sections -fdata-sections -g -fstack-usage -Wall -o src\main.o 
..\src\main.c: In function 'main':
..\src\main.c:52:3: warning: implicit declaration of function 'DAC_Channel12_Init' [-Wimplicit-function-declaration]
   DAC_Channel12_Init();
   ^~~~~~~~~~~~~~~~~~
..\src\main.c: In function 'DAC_Channel2_Init':
..\src\main.c:114:28: error: 'EAC_CR_EN2' undeclared (first use in this function)
  DAC->CR &= ~(DAC_CR_EN1 | EAC_CR_EN2);
                            ^~~~~~~~~~
..\src\main.c:114:28: note: each undeclared identifier is reported only once for each function it appears in
..\src\main.c:116:5: error: 'DAC_TypeDef {aka struct <anonymous>}' has no member named 'MCR'; did you mean 'CR'?
  DAC->MCR &= ~(7U<<16); //mode = 000
     ^~
..\src\main.c:128:18: error: 'RCC_AHB2ENR_GPIOAEN' undeclared (first use in this function)
  RCC->AHB2ENR |= RCC_AHB2ENR_GPIOAEN;
                  ^~~~~~~~~~~~~~~~~~~
00:35:34 **** Incremental Build of configuration Debug for project Sawtooth ****
Info: Internal Builder is used for build
arm-atollic-eabi-gcc -c ..\src\main.c -mthumb -mcpu=cortex-m4 -mfloat-abi=hard -mfpu=fpv4-sp-d16 -std=gnu11 -DSTM32F4XX -DSTM32F40XX -DUSE_STDPERIPH_DRIVER -DUSE_STM32F4_DISCOVERY -DHSE_VALUE=8000000 -I../src -I../Libraries/CMSIS/Include -I../Libraries/Device/STM32F4xx/Include -I../Libraries/STM32F4xx_StdPeriph_Driver/inc -I../Utilities/STM32F4-Discovery -O0 -ffunction-sections -fdata-sections -g -fstack-usage -Wall -o src\main.o 
..\src\main.c: In function 'main':
..\src\main.c:52:3: warning: implicit declaration of function 'DAC_Channel12_Init' [-Wimplicit-function-declaration]
   DAC_Channel12_Init();
   ^~~~~~~~~~~~~~~~~~
..\src\main.c: In function 'DAC_Channel2_Init':
..\src\main.c:114:28: error: 'EAC_CR_EN2' undeclared (first use in this function)
  DAC->CR &= ~(DAC_CR_EN1 | EAC_CR_EN2);
                            ^~~~~~~~~~
..\src\main.c:114:28: note: each undeclared identifier is reported only once for each function it appears in
..\src\main.c:116:5: error: 'DAC_TypeDef {aka struct <anonymous>}' has no member named 'MCR'; did you mean 'CR'?
  DAC->MCR &= ~(7U<<16); //mode = 000
     ^~
..\src\main.c:128:18: error: 'RCC_AHB2ENR_GPIOAEN' undeclared (first use in this function)
  RCC->AHB2ENR |= RCC_AHB2ENR_GPIOAEN;
                  ^~~~~~~~~~~~~~~~~~~
00:40:35 **** Incremental Build of configuration Debug for project Sawtooth ****
Info: Internal Builder is used for build
arm-atollic-eabi-gcc -c ..\src\main.c -mthumb -mcpu=cortex-m4 -mfloat-abi=hard -mfpu=fpv4-sp-d16 -std=gnu11 -DSTM32F4XX -DSTM32F40XX -DUSE_STDPERIPH_DRIVER -DUSE_STM32F4_DISCOVERY -DHSE_VALUE=8000000 -I../src -I../Libraries/CMSIS/Include -I../Libraries/Device/STM32F4xx/Include -I../Libraries/STM32F4xx_StdPeriph_Driver/inc -I../Utilities/STM32F4-Discovery -O0 -ffunction-sections -fdata-sections -g -fstack-usage -Wall -o src\main.o 
..\src\main.c: In function 'main':
..\src\main.c:52:3: warning: implicit declaration of function 'DAC_Channel12_Init' [-Wimplicit-function-declaration]
   DAC_Channel12_Init();
   ^~~~~~~~~~~~~~~~~~
..\src\main.c: In function 'DAC_Channel2_Init':
..\src\main.c:116:2: error: 'DAC_MCR' undeclared (first use in this function)
  DAC_MCR &= ~(7U<<16); //mode = 000
  ^~~~~~~
..\src\main.c:116:2: note: each undeclared identifier is reported only once for each function it appears in
..\src\main.c:128:18: error: 'RCC_AHB2ENR_GPIOAEN' undeclared (first use in this function)
  RCC->AHB2ENR |= RCC_AHB2ENR_GPIOAEN;
                  ^~~~~~~~~~~~~~~~~~~
00:47:36 **** Incremental Build of configuration Debug for project Sawtooth ****
Info: Internal Builder is used for build
arm-atollic-eabi-gcc -c ..\src\main.c -mthumb -mcpu=cortex-m4 -mfloat-abi=hard -mfpu=fpv4-sp-d16 -std=gnu11 -DSTM32F4XX -DSTM32F40XX -DUSE_STDPERIPH_DRIVER -DUSE_STM32F4_DISCOVERY -DHSE_VALUE=8000000 -I../src -I../Libraries/CMSIS/Include -I../Libraries/Device/STM32F4xx/Include -I../Libraries/STM32F4xx_StdPeriph_Driver/inc -I../Utilities/STM32F4-Discovery -O0 -ffunction-sections -fdata-sections -g -fstack-usage -Wall -o src\main.o 
..\src\main.c: In function 'main':
..\src\main.c:52:3: warning: implicit declaration of function 'DAC_Channel12_Init' [-Wimplicit-function-declaration]
   DAC_Channel12_Init();
   ^~~~~~~~~~~~~~~~~~
..\src\main.c: In function 'DAC_Channel2_Init':
..\src\main.c:128:18: error: 'RCC_AHB2ENR_GPIOAEN' undeclared (first use in this function)
  RCC->AHB2ENR |= RCC_AHB2ENR_GPIOAEN;
                  ^~~~~~~~~~~~~~~~~~~
..\src\main.c:128:18: note: each undeclared identifier is reported only once for each function it appears in
00:50:46 **** Incremental Build of configuration Debug for project Sawtooth ****
Info: Internal Builder is used for build
arm-atollic-eabi-gcc -c ..\src\main.c -mthumb -mcpu=cortex-m4 -mfloat-abi=hard -mfpu=fpv4-sp-d16 -std=gnu11 -DSTM32F4XX -DSTM32F40XX -DUSE_STDPERIPH_DRIVER -DUSE_STM32F4_DISCOVERY -DHSE_VALUE=8000000 -I../src -I../Libraries/CMSIS/Include -I../Libraries/Device/STM32F4xx/Include -I../Libraries/STM32F4xx_StdPeriph_Driver/inc -I../Utilities/STM32F4-Discovery -O0 -ffunction-sections -fdata-sections -g -fstack-usage -Wall -o src\main.o 
..\src\main.c: In function 'main':
..\src\main.c:52:3: warning: implicit declaration of function 'DAC_Channel12_Init' [-Wimplicit-function-declaration]
   DAC_Channel12_Init();
   ^~~~~~~~~~~~~~~~~~
arm-atollic-eabi-gcc -o Sawtooth.elf Libraries\STM32F4xx_StdPeriph_Driver\src\misc.o Libraries\STM32F4xx_StdPeriph_Driver\src\stm32f4xx_adc.o Libraries\STM32F4xx_StdPeriph_Driver\src\stm32f4xx_can.o Libraries\STM32F4xx_StdPeriph_Driver\src\stm32f4xx_crc.o Libraries\STM32F4xx_StdPeriph_Driver\src\stm32f4xx_cryp.o Libraries\STM32F4xx_StdPeriph_Driver\src\stm32f4xx_cryp_aes.o Libraries\STM32F4xx_StdPeriph_Driver\src\stm32f4xx_cryp_des.o Libraries\STM32F4xx_StdPeriph_Driver\src\stm32f4xx_cryp_tdes.o Libraries\STM32F4xx_StdPeriph_Driver\src\stm32f4xx_dac.o Libraries\STM32F4xx_StdPeriph_Driver\src\stm32f4xx_dbgmcu.o Libraries\STM32F4xx_StdPeriph_Driver\src\stm32f4xx_dcmi.o Libraries\STM32F4xx_StdPeriph_Driver\src\stm32f4xx_dma.o Libraries\STM32F4xx_StdPeriph_Driver\src\stm32f4xx_exti.o Libraries\STM32F4xx_StdPeriph_Driver\src\stm32f4xx_flash.o Libraries\STM32F4xx_StdPeriph_Driver\src\stm32f4xx_fsmc.o Libraries\STM32F4xx_StdPeriph_Driver\src\stm32f4xx_gpio.o Libraries\STM32F4xx_StdPeriph_Driver\src\stm32f4xx_hash.o Libraries\STM32F4xx_StdPeriph_Driver\src\stm32f4xx_hash_md5.o Libraries\STM32F4xx_StdPeriph_Driver\src\stm32f4xx_hash_sha1.o Libraries\STM32F4xx_StdPeriph_Driver\src\stm32f4xx_i2c.o Libraries\STM32F4xx_StdPeriph_Driver\src\stm32f4xx_iwdg.o Libraries\STM32F4xx_StdPeriph_Driver\src\stm32f4xx_pwr.o Libraries\STM32F4xx_StdPeriph_Driver\src\stm32f4xx_rcc.o Libraries\STM32F4xx_StdPeriph_Driver\src\stm32f4xx_rng.o Libraries\STM32F4xx_StdPeriph_Driver\src\stm32f4xx_rtc.o Libraries\STM32F4xx_StdPeriph_Driver\src\stm32f4xx_sdio.o Libraries\STM32F4xx_StdPeriph_Driver\src\stm32f4xx_spi.o Libraries\STM32F4xx_StdPeriph_Driver\src\stm32f4xx_syscfg.o Libraries\STM32F4xx_StdPeriph_Driver\src\stm32f4xx_tim.o Libraries\STM32F4xx_StdPeriph_Driver\src\stm32f4xx_usart.o Libraries\STM32F4xx_StdPeriph_Driver\src\stm32f4xx_wwdg.o Utilities\STM32F4-Discovery\stm32f4_discovery.o Utilities\STM32F4-Discovery\stm32f4_discovery_audio_codec.o Utilities\STM32F4-Discovery\stm32f4_discovery_lis302dl.o src\main.o src\startup_stm32f40xx.o src\stm32f4xx_it.o src\system_stm32f4xx.o src\tiny_printf.o -mthumb -mcpu=cortex-m4 -mfloat-abi=hard -mfpu=fpv4-sp-d16 -T../stm32f4_flash.ld -specs=nosys.specs -static -Wl,-cref,-u,Reset_Handler -Wl,-Map=Sawtooth.map -Wl,--gc-sections -Wl,--defsym=malloc_getpagesize_P=0x80 -Wl,--start-group -lc -lm -Wl,--end-group 
src\main.o: In function `main':
C:\Users\enwav\Google Drive\CompE_CS Embedded Self Study\TrueStudio\STM32_workspace\Sawtooth\Debug/..\src/main.c:52: undefined reference to `DAC_Channel12_Init'
collect2.exe: error: ld returned 1 exit status
00:51:12 **** Incremental Build of configuration Debug for project Sawtooth ****
Info: Internal Builder is used for build
arm-atollic-eabi-gcc -c ..\src\main.c -mthumb -mcpu=cortex-m4 -mfloat-abi=hard -mfpu=fpv4-sp-d16 -std=gnu11 -DSTM32F4XX -DSTM32F40XX -DUSE_STDPERIPH_DRIVER -DUSE_STM32F4_DISCOVERY -DHSE_VALUE=8000000 -I../src -I../Libraries/CMSIS/Include -I../Libraries/Device/STM32F4xx/Include -I../Libraries/STM32F4xx_StdPeriph_Driver/inc -I../Utilities/STM32F4-Discovery -O0 -ffunction-sections -fdata-sections -g -fstack-usage -Wall -o src\main.o 
arm-atollic-eabi-gcc -o Sawtooth.elf Libraries\STM32F4xx_StdPeriph_Driver\src\misc.o Libraries\STM32F4xx_StdPeriph_Driver\src\stm32f4xx_adc.o Libraries\STM32F4xx_StdPeriph_Driver\src\stm32f4xx_can.o Libraries\STM32F4xx_StdPeriph_Driver\src\stm32f4xx_crc.o Libraries\STM32F4xx_StdPeriph_Driver\src\stm32f4xx_cryp.o Libraries\STM32F4xx_StdPeriph_Driver\src\stm32f4xx_cryp_aes.o Libraries\STM32F4xx_StdPeriph_Driver\src\stm32f4xx_cryp_des.o Libraries\STM32F4xx_StdPeriph_Driver\src\stm32f4xx_cryp_tdes.o Libraries\STM32F4xx_StdPeriph_Driver\src\stm32f4xx_dac.o Libraries\STM32F4xx_StdPeriph_Driver\src\stm32f4xx_dbgmcu.o Libraries\STM32F4xx_StdPeriph_Driver\src\stm32f4xx_dcmi.o Libraries\STM32F4xx_StdPeriph_Driver\src\stm32f4xx_dma.o Libraries\STM32F4xx_StdPeriph_Driver\src\stm32f4xx_exti.o Libraries\STM32F4xx_StdPeriph_Driver\src\stm32f4xx_flash.o Libraries\STM32F4xx_StdPeriph_Driver\src\stm32f4xx_fsmc.o Libraries\STM32F4xx_StdPeriph_Driver\src\stm32f4xx_gpio.o Libraries\STM32F4xx_StdPeriph_Driver\src\stm32f4xx_hash.o Libraries\STM32F4xx_StdPeriph_Driver\src\stm32f4xx_hash_md5.o Libraries\STM32F4xx_StdPeriph_Driver\src\stm32f4xx_hash_sha1.o Libraries\STM32F4xx_StdPeriph_Driver\src\stm32f4xx_i2c.o Libraries\STM32F4xx_StdPeriph_Driver\src\stm32f4xx_iwdg.o Libraries\STM32F4xx_StdPeriph_Driver\src\stm32f4xx_pwr.o Libraries\STM32F4xx_StdPeriph_Driver\src\stm32f4xx_rcc.o Libraries\STM32F4xx_StdPeriph_Driver\src\stm32f4xx_rng.o Libraries\STM32F4xx_StdPeriph_Driver\src\stm32f4xx_rtc.o Libraries\STM32F4xx_StdPeriph_Driver\src\stm32f4xx_sdio.o Libraries\STM32F4xx_StdPeriph_Driver\src\stm32f4xx_spi.o Libraries\STM32F4xx_StdPeriph_Driver\src\stm32f4xx_syscfg.o Libraries\STM32F4xx_StdPeriph_Driver\src\stm32f4xx_tim.o Libraries\STM32F4xx_StdPeriph_Driver\src\stm32f4xx_usart.o Libraries\STM32F4xx_StdPeriph_Driver\src\stm32f4xx_wwdg.o Utilities\STM32F4-Discovery\stm32f4_discovery.o Utilities\STM32F4-Discovery\stm32f4_discovery_audio_codec.o Utilities\STM32F4-Discovery\stm32f4_discovery_lis302dl.o src\main.o src\startup_stm32f40xx.o src\stm32f4xx_it.o src\system_stm32f4xx.o src\tiny_printf.o -mthumb -mcpu=cortex-m4 -mfloat-abi=hard -mfpu=fpv4-sp-d16 -T../stm32f4_flash.ld -specs=nosys.specs -static -Wl,-cref,-u,Reset_Handler -Wl,-Map=Sawtooth.map -Wl,--gc-sections -Wl,--defsym=malloc_getpagesize_P=0x80 -Wl,--start-group -lc -lm -Wl,--end-group 
C:\Program Files (x86)\Atollic\TrueSTUDIO for STM32 9.0.1\ide\jre\bin\java -jar C:\Program Files (x86)\Atollic\TrueSTUDIO for STM32 9.0.1\Tools\arm-atollic-reports.jar sizeinfo list Sawtooth.elf 
Generate build reports...
Print size information
   text	   data	    bss	    dec	    hex	filename
   2856	     40	   1176	   4072	    fe8	Sawtooth.elf
Print size information done
Generate listing file
Output sent to: Sawtooth.list
Generate listing file done
Generate build reports done
